Are you sure you want to continue connecting (yes/no/[fingerprint])?
Host key verification failed.
fatal: Could not read from remote repository.

Please make sure you have the correct access rights
and the repository exists.

Mcs322@SYSTEMA5 MINGW64 /c/Users/Mcs322/Desktop/New folder
$ git status
fatal: not a git repository (or any of the parent directories): .git

Mcs322@SYSTEMA5 MINGW64 /c/Users/Mcs322/Desktop/New folder
$ git clone git@github.com:jinal-vachheta-58/shop_zone_team_collab_practice.git
Cloning into 'shop_zone_team_collab_practice'...
The authenticity of host 'github.com (140.82.116.3)' can't be established.
ED25519 key fingerprint is SHA256:+DiY3wvvV6TuJJhbpZisF/zLDA0zPMSvHdkr4UvCOqU.
This key is not known by any other names.
Are you sure you want to continue connecting (yes/no/[fingerprint])? yes
Warning: Permanently added 'github.com' (ED25519) to the list of known hosts.
git@github.com: Permission denied (publickey).
fatal: Could not read from remote repository.

Please make sure you have the correct access rights
and the repository exists.

Mcs322@SYSTEMA5 MINGW64 /c/Users/Mcs322/Desktop/New folder
$ git clone https://github.com/jinal-vachheta-58/shop_zone_team_collab_practice.git
Cloning into 'shop_zone_team_collab_practice'...
remote: Enumerating objects: 9, done.
remote: Counting objects: 100% (9/9), done.
remote: Compressing objects: 100% (7/7), done.
remote: Total 9 (delta 1), reused 6 (delta 0), pack-reused 0 (from 0)
Receiving objects: 100% (9/9), done.
Resolving deltas: 100% (1/1), done.

Mcs322@SYSTEMA5 MINGW64 /c/Users/Mcs322/Desktop/New folder
$ ls
shop_zone_team_collab_practice/

Mcs322@SYSTEMA5 MINGW64 /c/Users/Mcs322/Desktop/New folder
$ cd ^[[200~shop_zone_team_collab_practice/
bash: cd: $'\E[200~shop_zone_team_collab_practice/': No such file or directory

Mcs322@SYSTEMA5 MINGW64 /c/Users/Mcs322/Desktop/New folder
$ cd shop_zone_team_collab_practice/

Mcs322@SYSTEMA5 MINGW64 /c/Users/Mcs322/Desktop/New folder/shop_zone_team_collab_practice (main)
$
