
SYSTEMA7+rcc@SYSTEMA7 MINGW64 ~/Desktop/jinal_folder
$ git staus
git: 'staus' is not a git command. See 'git --help'.

The most similar command is
        status

SYSTEMA7+rcc@SYSTEMA7 MINGW64 ~/Desktop/jinal_folder
$ git status
fatal: not a git repository (or any of the parent directories): .git

SYSTEMA7+rcc@SYSTEMA7 MINGW64 ~/Desktop/jinal_folder
$ git clone https://github.com/jinal-vachheta-58/shop_zone_team_collab_practice.git
Cloning into 'shop_zone_team_collab_practice'...
remote: Enumerating objects: 3, done.
remote: Counting objects: 100% (3/3), done.
remote: Compressing objects: 100% (2/2), done.
remote: Total 3 (delta 0), reused 0 (delta 0), pack-reused 0 (from 0)
Receiving objects: 100% (3/3), done.

SYSTEMA7+rcc@SYSTEMA7 MINGW64 ~/Desktop/jinal_folder
$ list
bash: list: command not found

SYSTEMA7+rcc@SYSTEMA7 MINGW64 ~/Desktop/jinal_folder
$ ls
shop_zone_team_collab_practice/

SYSTEMA7+rcc@SYSTEMA7 MINGW64 ~/Desktop/jinal_folder
$ cd shop_zone_team_collab_practice/

SYSTEMA7+rcc@SYSTEMA7 MINGW64 ~/Desktop/jinal_folder/shop_zone_team_collab_practice (main)
$ git status
On branch main
Your branch is up to date with 'origin/main'.

Changes not staged for commit:
  (use "git add <file>..." to update what will be committed)
  (use "git restore <file>..." to discard changes in working directory)
        modified:   README.md

no changes added to commit (use "git add" and/or "git commit -a")

SYSTEMA7+rcc@SYSTEMA7 MINGW64 ~/Desktop/jinal_folder/shop_zone_team_collab_practice (main)
$ git add .

SYSTEMA7+rcc@SYSTEMA7 MINGW64 ~/Desktop/jinal_folder/shop_zone_team_collab_practice (main)
$ git status
On branch main
Your branch is up to date with 'origin/main'.

Changes to be committed:
  (use "git restore --staged <file>..." to unstage)
        modified:   README.md


SYSTEMA7+rcc@SYSTEMA7 MINGW64 ~/Desktop/jinal_folder/shop_zone_team_collab_practice (main)
$ git commit -m "jinal first commit"
[main 9ac2aca] jinal first commit
 Committer: rcc <rcc@SYSTEMA7.WINSR2.COM>
Your name and email address were configured automatically based
on your username and hostname. Please check that they are accurate.
You can suppress this message by setting them explicitly. Run the
following command and follow the instructions in your editor to edit
your configuration file:

    git config --global --edit

After doing this, you may fix the identity used for this commit with:

    git commit --amend --reset-author

 1 file changed, 2 insertions(+)

SYSTEMA7+rcc@SYSTEMA7 MINGW64 ~/Desktop/jinal_folder/shop_zone_team_collab_practice (main)
$ git push origine main
fatal: 'origine' does not appear to be a git repository
fatal: Could not read from remote repository.

Please make sure you have the correct access rights
and the repository exists.

SYSTEMA7+rcc@SYSTEMA7 MINGW64 ~/Desktop/jinal_folder/shop_zone_team_collab_practice (main)
$ git push origin main
Enumerating objects: 5, done.
Counting objects: 100% (5/5), done.
Delta compression using up to 16 threads
Compressing objects: 100% (2/2), done.
Writing objects: 100% (3/3), 317 bytes | 317.00 KiB/s, done.
Total 3 (delta 0), reused 0 (delta 0), pack-reused 0 (from 0)
To https://github.com/jinal-vachheta-58/shop_zone_team_collab_practice.git
   63855ef..9ac2aca  main -> main

SYSTEMA7+rcc@SYSTEMA7 MINGW64 ~/Desktop/jinal_folder/shop_zone_team_collab_practice (main)
$ git status
On branch main
Your branch is up to date with 'origin/main'.

nothing to commit, working tree clean

SYSTEMA7+rcc@SYSTEMA7 MINGW64 ~/Desktop/jinal_folder/shop_zone_team_collab_practice (main)
$ git status
On branch main
Your branch is up to date with 'origin/main'.

nothing to commit, working tree clean

SYSTEMA7+rcc@SYSTEMA7 MINGW64 ~/Desktop/jinal_folder/shop_zone_team_collab_practice (main)
$
